POWER NET REPORT 
Generated Date: Wed Dec  3 22:39:34 2025
Host Name: VT0138


==============================
POWER NET 
==============================
Power Net: VDD
Voltage: 0.900
Threshold: 0.810


==============================
POWER-GRID VIEW
==============================
Power-Grid Views Used: 79


==============================
POWER-GRID ATTRIBUTES
==============================
Total Resistor Elements: 2509
    Please refer to ../VDD/grid.gif for more details
Top-level Resistor Elements:2509
Cell Library Resistor Elements: 0
Total Number of Current Taps: 1541
    Please refer to ../VDD/tc.gif for more details


==============================
IR DROP ANALYSIS
==============================
Layer based IR Drop Report: See Report
Minimum, Average, Maximum IR drop: 0.900V 0.900V 0.900V
    Please refer to ../VDD/ir_linear.gif for more details
Total Static Current Loaded: -3.899103103321977e-05A
Number of Violations: 0
    Please refer to ../VDD/ir_limit.gif for more details
Minimum, Average, Maximum Vsrc Current: -3.899103103321977e-05A, -3.899103103321977e-05A, -3.899103103321977e-05A


==============================
EFFECTIVE RESISTANCE ANALYSIS
==============================
Minimum, Average, Maximum Reff: NA, NA, NA


==============================
CURRENT DENSITY ANALYSIS
==============================
Minimum, Average, Maximum J/Jmax:
Number of Violations: 0
    Please refer to ./run1/VDD_25C_avg_2/Reports/VDD/rj.gif for more details


==============================
POWER SWITCH ANALYSIS
==============================
PowerGate Current I/Idsat violations: 
    Please refer to ./run1/VDD_25C_avg_2/Reports/VDD/pi.gif for more details
Minimum, Average, Maximum I/Idsat (pi): NA, NA, NA
Minimum, Average, Maximum IRdrop Across PowerGate (pv): 0, 0, 0
Power Switch ECO file for Soc Encounter: 


==============================
PACKAGE ANALYSIS
==============================
Voltage Drop Across Package (vu): NA, NA, NA


==============================
CAPACITANCE ANALYSIS
==============================
Decap Optimization method: area  
Total Coupling Capacitance: NA
    Please refer to ../VDD/dd.gif for more details
Grid Coupling Capacitance: NA
Gate Coupling Capacitance (internal): NA
Loading Coupling Capacitance: NA
Capacitance Offered by Placed Decaps: NA
Additional Capacitance Required: 0.000F
    Please refer to ../VDD/dr.gif for more details
Total Feasible Capacitance: 0.000F
Total Leakage Current of Placed Decaps: 0.000A
Total Leakage Current of ECO Decaps: 0.000A
What-if ECO File:   
SoC Encounter ECO File: ./run1/VDD_25C_avg_2/vs2fe_eco.tcl 


==============================
ADDITIONAL FILES
==============================
Instance Voltage File: ./run1/VDD_25C_avg_2/Reports/VDD/VDD.iv
Dynamic IR drop Waveform File (dynamic): 
Effective Instance Voltage File (dynamic): 

Summary: ./run1/VDD_25C_avg_2/results 


