                     Cell Name |     Power-Grid View |      Number of Instances
-------------------------------------------------------------------------------
                        ADDFX1 |                Tech |                       60
                        ADDHX1 |                Tech |                        9
                        AND2X1 |                Tech |                       63
                        AND2X4 |                Tech |                        5
                        AND2X6 |                Tech |                        1
                        AND3XL |                Tech |                        1
                        AND4XL |                Tech |                        1
                        AO21X1 |                Tech |                        1
                        AO21XL |                Tech |                        2
                        AO22X1 |                Tech |                        3
                        AO22X4 |                Tech |                        1
                      AOI211XL |                Tech |                        2
                       AOI21X1 |                Tech |                        5
                       AOI21X2 |                Tech |                        1
                       AOI21XL |                Tech |                       18
                      AOI221X1 |                Tech |                        7
                      AOI222X1 |                Tech |                       29
                       AOI22X1 |                Tech |                        2
                       AOI22XL |                Tech |                      176
                     AOI2BB1XL |                Tech |                       50
                       AOI31X1 |                Tech |                        3
                       AOI31X2 |                Tech |                        1
                       AOI32X1 |                Tech |                        2
                       AOI33X1 |                Tech |                       10
                         BUFX2 |                Tech |                       51
                         BUFX3 |                Tech |                        1
                         BUFX4 |                Tech |                        1
                      CLKBUFX6 |                Tech |                        2
                      DFFRHQX1 |                Tech |                       75
                        DFFRX1 |                Tech |                       66
                         INVX1 |                Tech |                      132
                         INVX3 |                Tech |                        2
                         INVX4 |                Tech |                        1
                         INVXL |                Tech |                       84
                         MX2X1 |                Tech |                       19
                        MXI2XL |                Tech |                       14
                      NAND2BX1 |                Tech |                       31
                      NAND2BXL |                Tech |                       14
                       NAND2X1 |                Tech |                       18
                       NAND2X2 |                Tech |                        3
                       NAND2XL |                Tech |                      112
                      NAND3BX1 |                Tech |                        1
                      NAND3BXL |                Tech |                        6
                       NAND3X1 |                Tech |                        1
                       NAND3XL |                Tech |                        5
                      NAND4BX1 |                Tech |                        1
                       NAND4XL |                Tech |                        3
                       NOR2BX1 |                Tech |                       29
                        NOR2X1 |                Tech |                       11
                        NOR2X2 |                Tech |                        3
                        NOR2XL |                Tech |                       45
                       NOR3BX1 |                Tech |                        1
                        NOR3X1 |                Tech |                        1
                        NOR3X2 |                Tech |                        4
                        NOR3XL |                Tech |                        4
                       NOR4BX1 |                Tech |                        2
                        NOR4X1 |                Tech |                       12
                        OA21X1 |                Tech |                       37
                      OAI211X1 |                Tech |                       13
                       OAI21X1 |                Tech |                        3
                       OAI21X2 |                Tech |                        1
                       OAI21XL |                Tech |                       26
                      OAI221X1 |                Tech |                        2
                      OAI222X1 |                Tech |                        4
                       OAI22X1 |                Tech |                        6
                       OAI22XL |                Tech |                       12
                     OAI2BB1X1 |                Tech |                      127
                       OAI31X1 |                Tech |                        4
                       OAI32X1 |                Tech |                        1
                         OR2X1 |                Tech |                       29
                         OR2X2 |                Tech |                        2
                         OR2X4 |                Tech |                        1
                         OR2X6 |                Tech |                        1
                         OR3X1 |                Tech |                        2
                         OR4X1 |                Tech |                       34
                       SDFFQX1 |                Tech |                        1
                       XNOR2X1 |                Tech |                       24
                       XNOR2X2 |                Tech |                        1
                        XOR2XL |                Tech |                        2
